# Activity Log

[2026-06-24 16:35:22 UTC] database connection pool stats: 5/20 active
[2026-06-24 20:21:54 UTC] session store TTL sweep done — 3 expired entries
[2026-06-25 01:35:12 UTC] dependency audit completed — no vulnerabilities
[2026-06-25 05:50:21 UTC] scheduled maintenance window ended
[2026-06-25 12:31:39 UTC] daily backup verification: OK
[2026-06-25 15:31:41 UTC] API rate usage: 23% of limit
[2026-06-25 17:33:24 UTC] system heartbeat check passed
[2026-06-25 19:28:42 UTC] scheduled task 'cleanup_tmp' completed
[2026-06-25 23:01:43 UTC] logging rotation triggered — 14 files archived
[2026-06-26 00:21:04 UTC] load average: 0.42 0.38 0.35
[2026-06-26 04:53:58 UTC] configuration hot-reload applied
[2026-06-26 08:34:49 UTC] session store TTL sweep done — 3 expired entries
[2026-06-26 21:39:14 UTC] rate limiter counters reset
[2026-06-26 23:20:16 UTC] memcached hit ratio: 94.2%
[2026-06-27 01:31:24 UTC] index rebuild finished successfully
[2026-06-27 05:35:42 UTC] database connection pool stats: 5/20 active
[2026-06-27 10:34:43 UTC] configuration hot-reload applied
[2026-06-27 12:01:04 UTC] background sync finished
[2026-06-27 15:36:41 UTC] webhook delivery retry queue empty
[2026-06-27 18:15:52 UTC] garbage collection cycle done
[2026-06-27 19:55:23 UTC] daily backup verification: OK
[2026-06-28 00:12:41 UTC] garbage collection cycle done
[2026-06-28 05:06:48 UTC] background sync finished
[2026-06-28 18:48:03 UTC] health check: all services nominal
[2026-06-29 12:07:09 UTC] disk usage: 67% (warning threshold: 80%)
[2026-06-29 13:34:15 UTC] scheduled task 'cleanup_tmp' completed
[2026-06-29 14:05:51 UTC] system heartbeat check passed
[2026-06-29 16:26:40 UTC] disk usage: 67% (warning threshold: 80%)
[2026-06-29 17:45:30 UTC] memcached hit ratio: 94.2%
[2026-06-29 17:47:25 UTC] rate limiter counters reset
[2026-06-29 21:57:00 UTC] scheduled task 'cleanup_tmp' completed
[2026-06-30 09:57:55 UTC] rate limiter counters reset
[2026-06-30 12:22:03 UTC] garbage collection cycle done
[2026-06-30 15:17:09 UTC] daily backup verification: OK
[2026-06-30 17:26:49 UTC] load average: 0.42 0.38 0.35
[2026-06-30 21:17:48 UTC] rate limit: 42 requests in last 60s
[2026-07-01 12:16:40 UTC] dependency audit completed — no vulnerabilities
[2026-07-02 08:21:50 UTC] health check: all services nominal
[2026-07-02 11:14:24 UTC] API rate usage: 23% of limit
[2026-07-02 18:00:21 UTC] background sync finished
[2026-07-02 21:21:00 UTC] webhook delivery retry queue empty
[2026-07-02 22:43:11 UTC] webhook delivery retry queue empty
[2026-07-03 10:47:45 UTC] daily backup verification: OK
[2026-07-03 15:23:48 UTC] scheduled task 'cleanup_tmp' completed
[2026-07-04 09:47:58 UTC] logging rotation triggered — 14 files archived
[2026-07-04 13:54:33 UTC] configuration hot-reload applied
[2026-07-04 15:18:27 UTC] API rate usage: 23% of limit
[2026-07-04 21:36:08 UTC] scheduled maintenance window ended
[2026-07-05 10:49:13 UTC] background sync finished
[2026-07-05 15:50:17 UTC] cache refresh completed
[2026-07-05 17:23:42 UTC] job queue drained — 0 pending tasks
[2026-07-05 21:37:34 UTC] dependency audit completed — no vulnerabilities
[2026-07-06 17:49:18 UTC] index rebuild finished successfully
[2026-07-07 09:58:31 UTC] system heartbeat check passed
[2026-07-07 12:36:58 UTC] logging rotation triggered — 14 files archived
[2026-07-07 17:35:26 UTC] load average: 0.42 0.38 0.35
[2026-07-07 19:25:05 UTC] webhook delivery retry queue empty
[2026-07-07 21:09:43 UTC] scheduled maintenance window ended
[2026-07-07 22:41:24 UTC] memcached hit ratio: 94.2%
[2026-07-08 09:12:52 UTC] feature flag evaluation cache warmed
[2026-07-08 13:13:55 UTC] index rebuild finished successfully
[2026-07-08 15:52:55 UTC] logging rotation triggered — 14 files archived
[2026-07-08 19:50:39 UTC] daily backup verification: OK
[2026-07-09 08:07:07 UTC] configuration hot-reload applied
[2026-07-09 11:17:04 UTC] SSL certificate validity confirmed
[2026-07-09 18:59:03 UTC] daily backup verification: OK
[2026-07-09 20:54:12 UTC] feature flag evaluation cache warmed
[2026-07-10 08:03:37 UTC] API rate usage: 23% of limit
[2026-07-10 21:17:01 UTC] scheduled task 'cleanup_tmp' completed
[2026-07-11 08:24:32 UTC] background sync finished
[2026-07-11 10:04:51 UTC] load average: 0.42 0.38 0.35
[2026-07-11 16:31:13 UTC] rate limit: 42 requests in last 60s
[2026-07-11 17:37:08 UTC] configuration hot-reload applied
[2026-07-12 09:29:05 UTC] memcached hit ratio: 94.2%
[2026-07-12 12:06:04 UTC] load average: 0.42 0.38 0.35
[2026-07-12 13:53:55 UTC] database connection pool stats: 5/20 active
[2026-07-12 15:10:34 UTC] configuration hot-reload applied
[2026-07-12 16:31:54 UTC] health check: all services nominal
[2026-07-12 17:39:14 UTC] memcached hit ratio: 94.2%
[2026-07-12 19:20:14 UTC] memcached hit ratio: 94.2%
[2026-07-12 22:28:26 UTC] dependency audit completed — no vulnerabilities
[2026-07-13 11:41:09 UTC] scheduled maintenance window ended
[2026-07-13 19:02:10 UTC] logging rotation triggered — 14 files archived
[2026-07-14 11:10:45 UTC] SSL certificate validity confirmed
[2026-07-14 12:51:03 UTC] health check: all services nominal
[2026-07-14 15:00:46 UTC] logging rotation triggered — 14 files archived
[2026-07-14 16:34:59 UTC] dependency audit completed — no vulnerabilities
[2026-07-14 17:45:22 UTC] feature flag evaluation cache warmed
[2026-07-14 22:35:33 UTC] disk usage: 67% (warning threshold: 80%)
[2026-07-15 09:19:07 UTC] webhook delivery retry queue empty
[2026-07-15 11:13:23 UTC] system heartbeat check passed
[2026-07-15 16:41:53 UTC] scheduled maintenance window ended
[2026-07-15 18:17:26 UTC] rate limit: 42 requests in last 60s
[2026-07-15 19:48:29 UTC] scheduled task 'cleanup_tmp' completed
[2026-07-15 21:12:03 UTC] load average: 0.42 0.38 0.35
[2026-07-16 14:19:53 UTC] job queue drained — 0 pending tasks
[2026-07-16 18:46:50 UTC] disk usage: 67% (warning threshold: 80%)
[2026-07-16 20:09:06 UTC] load average: 0.42 0.38 0.35
[2026-07-17 11:08:23 UTC] daily backup verification: OK
[2026-07-17 12:45:48 UTC] logging rotation triggered — 14 files archived
[2026-07-17 16:23:30 UTC] dependency audit completed — no vulnerabilities
[2026-07-17 17:42:25 UTC] webhook delivery retry queue empty
[2026-07-18 10:02:40 UTC] scheduled maintenance window ended
[2026-07-18 14:04:16 UTC] disk usage: 67% (warning threshold: 80%)
[2026-07-18 15:10:54 UTC] scheduled maintenance window ended
[2026-07-18 16:32:38 UTC] disk usage: 67% (warning threshold: 80%)
[2026-07-18 20:24:10 UTC] garbage collection cycle done
[2026-07-18 21:29:35 UTC] memcached hit ratio: 94.2%
[2026-07-19 13:49:54 UTC] garbage collection cycle done
[2026-07-19 15:09:38 UTC] dependency audit completed — no vulnerabilities
[2026-07-19 17:37:42 UTC] scheduled task 'cleanup_tmp' completed
[2026-07-19 21:30:01 UTC] SSL certificate validity confirmed
[2026-07-19 22:31:30 UTC] disk usage: 67% (warning threshold: 80%)
[2026-07-20 08:27:04 UTC] scheduled maintenance window ended
[2026-07-20 11:25:35 UTC] session store TTL sweep done — 3 expired entries
[2026-07-20 13:28:34 UTC] job queue drained — 0 pending tasks
[2026-07-20 15:31:22 UTC] disk usage: 67% (warning threshold: 80%)
[2026-07-20 19:04:55 UTC] SSL certificate validity confirmed
[2026-07-20 20:38:39 UTC] index rebuild finished successfully
[2026-07-21 17:41:46 UTC] cache refresh completed
[2026-07-21 21:22:30 UTC] scheduled task 'cleanup_tmp' completed
[2026-07-21 22:31:25 UTC] configuration hot-reload applied
[2026-07-22 12:01:34 UTC] system heartbeat check passed
[2026-07-22 14:18:23 UTC] webhook delivery retry queue empty
[2026-07-22 17:39:44 UTC] system heartbeat check passed
[2026-07-22 21:23:56 UTC] garbage collection cycle done
[2026-07-22 22:38:01 UTC] feature flag evaluation cache warmed
[2026-07-23 13:10:20 UTC] daily backup verification: OK
[2026-07-23 15:34:35 UTC] feature flag evaluation cache warmed
[2026-07-23 19:57:46 UTC] job queue drained — 0 pending tasks
[2026-07-23 21:18:20 UTC] load average: 0.42 0.38 0.35
[2026-07-23 22:34:34 UTC] health check: all services nominal
[2026-07-24 11:52:43 UTC] configuration hot-reload applied
[2026-07-24 14:06:39 UTC] feature flag evaluation cache warmed
[2026-07-24 17:47:11 UTC] rate limit: 42 requests in last 60s
[2026-07-24 19:43:06 UTC] dependency audit completed — no vulnerabilities
[2026-07-24 21:17:23 UTC] cache refresh completed
[2026-07-24 22:39:45 UTC] memcached hit ratio: 94.2%
[2026-07-25 11:47:01 UTC] job queue drained — 0 pending tasks
[2026-07-25 15:16:24 UTC] memcached hit ratio: 94.2%
[2026-07-25 16:29:12 UTC] disk usage: 67% (warning threshold: 80%)
[2026-07-25 17:37:01 UTC] background sync finished
[2026-07-25 18:38:38 UTC] logging rotation triggered — 14 files archived
[2026-07-26 11:05:57 UTC] job queue drained — 0 pending tasks
[2026-07-26 12:14:43 UTC] configuration hot-reload applied
[2026-07-26 14:12:07 UTC] disk usage: 67% (warning threshold: 80%)
[2026-07-26 21:33:17 UTC] rate limit: 42 requests in last 60s
[2026-07-27 11:36:02 UTC] logging rotation triggered — 14 files archived
[2026-07-27 13:56:46 UTC] memcached hit ratio: 94.2%
[2026-07-27 16:31:38 UTC] job queue drained — 0 pending tasks
[2026-07-27 20:07:36 UTC] garbage collection cycle done
[2026-07-27 21:44:14 UTC] session store TTL sweep done — 3 expired entries
[2026-07-28 10:12:39 UTC] configuration hot-reload applied
[2026-07-28 15:03:03 UTC] index rebuild finished successfully
[2026-07-28 18:39:01 UTC] memcached hit ratio: 94.2%
[2026-07-29 10:15:00 UTC] job queue drained — 0 pending tasks
[2026-07-29 12:32:15 UTC] scheduled task 'cleanup_tmp' completed
[2026-07-29 14:56:10 UTC] session store TTL sweep done — 3 expired entries
[2026-07-29 19:38:48 UTC] dependency audit completed — no vulnerabilities
[2026-07-29 22:34:29 UTC] session store TTL sweep done — 3 expired entries
[2026-07-30 11:30:52 UTC] disk usage: 67% (warning threshold: 80%)
[2026-07-30 15:34:19 UTC] disk usage: 67% (warning threshold: 80%)
[2026-07-30 18:58:49 UTC] session store TTL sweep done — 3 expired entries
[2026-07-30 20:22:31 UTC] health check: all services nominal
[2026-07-30 21:46:26 UTC] job queue drained — 0 pending tasks
[2026-07-31 11:09:43 UTC] health check: all services nominal
[2026-07-31 19:47:38 UTC] scheduled task 'cleanup_tmp' completed
[2026-07-31 21:17:05 UTC] database connection pool stats: 5/20 active
[2026-07-31 22:39:06 UTC] webhook delivery retry queue empty
[2026-08-01 11:03:52 UTC] session store TTL sweep done — 3 expired entries
[2026-08-01 12:10:27 UTC] system heartbeat check passed
[2026-08-01 18:34:50 UTC] background sync finished
[2026-08-01 22:09:36 UTC] rate limiter counters reset
[2026-08-02 10:05:36 UTC] configuration hot-reload applied
[2026-08-02 11:33:00 UTC] API rate usage: 23% of limit
[2026-08-02 20:31:49 UTC] job queue drained — 0 pending tasks
[2026-08-02 21:30:43 UTC] scheduled maintenance window ended
[2026-08-02 22:33:10 UTC] SSL certificate validity confirmed
[2026-08-03 15:29:54 UTC] dependency audit completed — no vulnerabilities
[2026-08-03 19:09:04 UTC] index rebuild finished successfully
[2026-08-04 09:23:59 UTC] disk usage: 67% (warning threshold: 80%)
[2026-08-04 18:15:40 UTC] session store TTL sweep done — 3 expired entries
[2026-08-04 20:11:13 UTC] disk usage: 67% (warning threshold: 80%)
[2026-08-05 10:13:20 UTC] health check: all services nominal
[2026-08-05 14:58:56 UTC] disk usage: 67% (warning threshold: 80%)
[2026-08-05 18:44:22 UTC] garbage collection cycle done
[2026-08-05 20:37:33 UTC] SSL certificate validity confirmed
[2026-08-07 10:29:53 UTC] rate limit: 42 requests in last 60s
[2026-08-07 16:07:13 UTC] configuration hot-reload applied
[2026-08-07 17:05:56 UTC] background sync finished
[2026-08-07 19:10:40 UTC] SSL certificate validity confirmed
[2026-08-07 21:19:40 UTC] load average: 0.42 0.38 0.35
[2026-08-08 09:19:22 UTC] scheduled task 'cleanup_tmp' completed
[2026-08-08 10:05:38 UTC] SSL certificate validity confirmed
[2026-08-08 13:08:38 UTC] scheduled task 'cleanup_tmp' completed
[2026-08-08 15:40:22 UTC] database connection pool stats: 5/20 active
[2026-08-08 17:41:53 UTC] scheduled task 'cleanup_tmp' completed
[2026-08-08 18:53:53 UTC] configuration hot-reload applied
[2026-08-08 19:39:19 UTC] memcached hit ratio: 94.2%
[2026-08-08 20:44:13 UTC] API rate usage: 23% of limit
[2026-08-08 21:41:50 UTC] scheduled maintenance window ended
[2026-08-08 22:42:42 UTC] session store TTL sweep done — 3 expired entries
[2026-08-09 10:48:29 UTC] load average: 0.42 0.38 0.35
[2026-08-09 14:17:07 UTC] job queue drained — 0 pending tasks
[2026-08-09 17:42:45 UTC] rate limiter counters reset
[2026-08-09 18:56:03 UTC] daily backup verification: OK
[2026-08-09 20:47:54 UTC] logging rotation triggered — 14 files archived
[2026-08-09 21:44:21 UTC] dependency audit completed — no vulnerabilities
[2026-08-09 22:45:08 UTC] database connection pool stats: 5/20 active
[2026-08-10 09:44:05 UTC] job queue drained — 0 pending tasks
[2026-08-10 11:17:41 UTC] garbage collection cycle done
[2026-08-10 12:28:01 UTC] load average: 0.42 0.38 0.35
[2026-08-10 14:01:47 UTC] index rebuild finished successfully
[2026-08-10 17:31:42 UTC] rate limit: 42 requests in last 60s
[2026-08-10 20:21:29 UTC] cache refresh completed
[2026-08-10 22:17:01 UTC] garbage collection cycle done
[2026-08-11 10:29:13 UTC] job queue drained — 0 pending tasks
[2026-08-11 11:25:04 UTC] garbage collection cycle done
[2026-08-11 16:29:27 UTC] rate limit: 42 requests in last 60s
[2026-08-11 18:31:41 UTC] rate limit: 42 requests in last 60s
[2026-08-12 08:01:47 UTC] dependency audit completed — no vulnerabilities
[2026-08-12 10:40:02 UTC] load average: 0.42 0.38 0.35
[2026-08-12 11:55:19 UTC] scheduled task 'cleanup_tmp' completed
[2026-08-12 13:38:45 UTC] scheduled maintenance window ended
[2026-08-12 16:30:59 UTC] health check: all services nominal
[2026-08-12 19:45:12 UTC] API rate usage: 23% of limit
[2026-08-12 20:58:15 UTC] session store TTL sweep done — 3 expired entries
[2026-08-13 11:24:48 UTC] load average: 0.42 0.38 0.35
[2026-08-13 14:04:36 UTC] disk usage: 67% (warning threshold: 80%)
[2026-08-13 16:30:11 UTC] dependency audit completed — no vulnerabilities
[2026-08-13 22:57:08 UTC] dependency audit completed — no vulnerabilities
[2026-08-14 09:16:49 UTC] dependency audit completed — no vulnerabilities
[2026-08-14 10:36:20 UTC] background sync finished
[2026-08-14 12:26:09 UTC] disk usage: 67% (warning threshold: 80%)
[2026-08-14 13:59:19 UTC] cache refresh completed
[2026-08-14 15:03:43 UTC] API rate usage: 23% of limit
[2026-08-14 18:04:43 UTC] load average: 0.42 0.38 0.35
[2026-08-14 19:10:38 UTC] background sync finished
[2026-08-14 21:57:04 UTC] daily backup verification: OK
[2026-08-15 09:36:04 UTC] session store TTL sweep done — 3 expired entries
[2026-08-15 11:30:24 UTC] logging rotation triggered — 14 files archived
[2026-08-15 11:52:01 UTC] load average: 0.42 0.38 0.35
[2026-08-15 13:38:18 UTC] configuration hot-reload applied
[2026-08-15 15:31:46 UTC] scheduled maintenance window ended
[2026-08-15 15:52:37 UTC] scheduled maintenance window ended
[2026-08-15 16:36:12 UTC] load average: 0.42 0.38 0.35
[2026-08-15 18:44:13 UTC] session store TTL sweep done — 3 expired entries
[2026-08-15 19:29:56 UTC] garbage collection cycle done
[2026-08-15 19:51:19 UTC] dependency audit completed — no vulnerabilities
[2026-08-15 20:34:30 UTC] logging rotation triggered — 14 files archived
[2026-08-15 22:33:41 UTC] scheduled task 'cleanup_tmp' completed
[2026-08-15 22:54:49 UTC] daily backup verification: OK
[2026-08-16 08:43:08 UTC] system heartbeat check passed
[2026-08-16 09:37:12 UTC] webhook delivery retry queue empty
[2026-08-16 10:34:25 UTC] webhook delivery retry queue empty
[2026-08-16 11:30:42 UTC] feature flag evaluation cache warmed
[2026-08-16 11:52:47 UTC] cache refresh completed
[2026-08-16 13:39:43 UTC] index rebuild finished successfully
[2026-08-16 14:56:45 UTC] scheduled maintenance window ended
[2026-08-16 15:32:16 UTC] garbage collection cycle done
[2026-08-16 15:53:22 UTC] system heartbeat check passed
[2026-08-16 16:37:19 UTC] health check: all services nominal
[2026-08-16 17:30:24 UTC] webhook delivery retry queue empty
[2026-08-16 17:51:55 UTC] health check: all services nominal
[2026-08-16 18:43:18 UTC] logging rotation triggered — 14 files archived
[2026-08-16 19:49:51 UTC] API rate usage: 23% of limit
[2026-08-16 21:30:47 UTC] index rebuild finished successfully
[2026-08-16 21:51:43 UTC] API rate usage: 23% of limit
[2026-08-16 22:53:46 UTC] rate limit: 42 requests in last 60s
[2026-08-17 09:21:17 UTC] feature flag evaluation cache warmed
[2026-08-17 10:07:22 UTC] index rebuild finished successfully
[2026-08-17 11:35:44 UTC] background sync finished
[2026-08-17 11:57:20 UTC] logging rotation triggered — 14 files archived
[2026-08-17 16:40:08 UTC] API rate usage: 23% of limit
[2026-08-17 19:35:59 UTC] feature flag evaluation cache warmed
[2026-08-17 19:57:39 UTC] database connection pool stats: 5/20 active
[2026-08-17 22:36:06 UTC] disk usage: 67% (warning threshold: 80%)
